=== Module 01 - Syntax vs. Semantics - RPN checker ===

[1] "3 4 +"
    syntax   : PASS
    semantics: PASS  value = 7

[2] "3 4 + +"
    syntax   : FAIL  col 7: operator '+' needs 2 operands, stack has 1
    semantics: (skipped: syntax failed)

[3] "3 4"
    syntax   : FAIL  2 values left on stack, expected 1
    semantics: (skipped: syntax failed)

[4] "12 0 /"
    syntax   : PASS
    semantics: FAIL  col 6: division by zero

[5] "10 2 - 3 *"
    syntax   : PASS
    semantics: PASS  value = 24

[6] "3 x +"
    syntax   : FAIL  col 3: unknown token 'x'
    semantics: (skipped: syntax failed)

[7] ""
    syntax   : FAIL  empty expression
    semantics: (skipped: syntax failed)

summary: inputs=7  syntaxPass=3  semanticsChecked=3  semanticsPass=2  syntaxOkButSemanticFail=1
