=== Module 02 - Alphabets, Strings, Languages, Operations ===

alphabet Sigma = { a, b }
Sigma* up to length 3  (bounded Kleene star of the alphabet):
  { epsilon, a, b, aa, ab, ba, bb, aaa, aab, aba, abb, baa, bab, bba, bbb }   [15 strings]

L1 = { a, b }
L2 = { c }
L1 union L2  = { a, b, c }
L1 concat L2 = { ac, bc }
L2 concat L1 = { ca, cb }

closure of finite languages:
  L1 union L2 : 3 strings
  L1 concat L2: 2 strings
  L1 power 3  : { aaa, aab, aba, abb, baa, bab, bba, bbb }  (8)

the empty string is not the empty language:
  {}          size 0
  { epsilon }  size 1
  {} concat L1        = { }   (annihilator)
  { epsilon } concat L1 = { a, b }   (identity)

Kleene star of { a } up to length 4:  { epsilon, a, aa, aaa, aaaa }   [5 strings]

regex as operations:  (a|b) a*   up to length 4
  built as: ( {a} union {b} ) concat ( {a}.star(3) )
  = { a, b, aa, ba, aaa, baa, aaaa, baaa }   [8 strings]
  membership:  "b" in L   "ba" in L   "ab" not in L   "" not in L

summary: operations=union,concat,power,star  epsilonLang!=emptyLang=true  regexReproduced=true
