=== Module 16 - Scanner Generator: a token spec in, a working lexer out ===

spec: fixtures/ajoda.tokens
  #   action   name       pattern
  0   token    IDENT      [A-Za-z_][A-Za-z0-9_]*
  1   token    FLOAT_LIT  [0-9]+"."[0-9]+
  2   token    INT_LIT    [0-9]+
  3   token    ARROW      "->"
  4   token    EQ         "=="
  5   token    NE         "!="
  6   token    LE         "<="
  7   token    GE         ">="
  8   token    AND        "&&"
  9   token    OR         "||"
  10  token    LPAREN     \(
  11  token    RPAREN     \)
  12  token    LBRACE     "{"
  13  token    RBRACE     "}"
  14  token    COMMA      ,
  15  token    COLON      :
  16  token    SEMI       ;
  17  token    ASSIGN     =
  18  token    LT         <
  19  token    GT         >
  20  token    PLUS       \+
  21  token    MINUS      -
  22  token    STAR       \*
  23  token    SLASH      /
  24  token    PERCENT    %
  25  token    NOT        !
  26  discard  SPACE      [\s\t\n]+
  27  discard  COMMENT    "//"[^\n]*
  keywords (from IDENT): fn let if else while return true false i64 bool f64

load checks: 28 patterns parsed, none accepts the empty string
combined DFA: 287 states over 97 input symbols

--- fixtures/factorial.ajoda ---
  2:1    FN        fn
  2:4    IDENT     fact
  2:8    LPAREN    (
  2:9    IDENT     n
  2:10   COLON     :
  2:12   I64       i64
  2:15   RPAREN    )
  2:17   ARROW     ->
  2:20   I64       i64
  2:24   LBRACE    {
  3:5    LET       let
  3:9    IDENT     acc
  3:12   COLON     :
  3:14   I64       i64
  3:18   ASSIGN    =
  3:20   INT_LIT   1
  3:21   SEMI      ;
  4:5    WHILE     while
  4:11   LPAREN    (
  4:12   IDENT     n
  4:14   GT        >
  4:16   INT_LIT   1
  4:17   RPAREN    )
  4:19   LBRACE    {
  5:9    IDENT     acc
  5:13   ASSIGN    =
  5:15   IDENT     acc
  5:19   STAR      *
  5:21   IDENT     n
  5:22   SEMI      ;
  6:9    IDENT     n
  6:11   ASSIGN    =
  6:13   IDENT     n
  6:15   MINUS     -
  6:17   INT_LIT   1
  6:18   SEMI      ;
  7:5    RBRACE    }
  8:5    RETURN    return
  8:12   IDENT     acc
  8:15   SEMI      ;
  9:1    RBRACE    }
  10:1   EOF       

--- fixtures/probes.txt (each line scanned on its own) ---

> iffy while1 truest _if
  IDENT(iffy) IDENT(while1) IDENT(truest) IDENT(_if) EOF

> a<=b>=c==d!=e
  IDENT(a) LE(<=) IDENT(b) GE(>=) IDENT(c) EQ(==) IDENT(d) NE(!=) IDENT(e) EOF

> x->y&&z||!w
  IDENT(x) ARROW(->) IDENT(y) AND(&&) IDENT(z) OR(||) NOT(!) IDENT(w) EOF

> 3.14 42 7.
  FLOAT_LIT(3.14) INT_LIT(42) INT_LIT(7)
  error 1:10: no token can start with '.'

> let r: f64 = 2.5 @ 3;
  LET(let) IDENT(r) COLON(:) F64(f64) ASSIGN(=) FLOAT_LIT(2.5)
  error 1:18: no token can start with '@'

--- fixtures/broken.tokens ---
  refused: spec line 3: SIGN accepts the empty string; a token must consume at least one character

summary: 28 rules -> 1 DFA of 287 states | longest match, earliest rule breaks ties | keywords by table lookup | line:col on every token | empty-string patterns refused at load
